======================================================================
Run Summary
Full log: /scripts/AFX/logs/20260622_101245/1-bmc_session_20260622_101245.log
======================================================================

──────────────────────────────────────────────────────────────────────
Operation
──────────────────────────────────────────────────────────────────────
  Session start
──────────────────────────────────────────────────────────────────────
Result
──────────────────────────────────────────────────────────────────────
  Overall Result            ✅ PASS
  Detail                    end-to-end auto initialize complete
  Errors logged             1
  Warnings logged           4
  Started                   2026-06-22 10:12:45
  Ended                     2026-06-22 10:55:44
  Total runtime             2578.7s (43.0m)

──────────────────────────────────────────────────────────────────────
Phase Timing
──────────────────────────────────────────────────────────────────────
  SSH Connection                                    1.1s (0.0m)  ✅ PASS
  BMC Prompt & Validation                           1.7s (0.0m)  ✅ PASS
  Collect Node Mgmt per BMC                         0.0s (0.0m)  ✅ PASS
  Collect Cluster Setup Config                      2.2s (0.0m)  ✅ PASS
  Peer Node Reset to LOADER                       121.1s (2.0m)  ✅ PASS
  System Reset                                      3.4s (0.1m)  ✅ PASS
  Enter System Console                              3.2s (0.1m)  ✅ PASS
  AUTOBOOT/LOADER Monitoring                       36.4s (0.6m)  ✅ PASS
  LOADER Commands                                   3.6s (0.1m)  ✅ PASS
  Boot Menu Selection                              98.9s (1.6m)  ✅ PASS
  Auto Cluster Init (1b)                          776.5s (12.9m)  ✅ PASS
  Cluster Setup Wizard (1b)                       410.3s (6.8m)  ✅ PASS
  NTP Configuration                                 4.5s (0.1m)  ✅ PASS
  Parallel Peer Option 4 (mode 3)                 948.6s (15.8m)  ✅ PASS
     -   ✅ 10.192.160.35 → Option 4 sent            99.5s (1.7m)
     -   ✅ 10.192.160.35 → Disk erase done         551.3s (9.2m)
     -   ✅ 10.192.160.35 → Node mgmt applied       573.6s (9.6m)
     -   ✅ 10.192.160.35 → Cluster IP ready        576.9s (9.6m)
     -   cluster add-node [169.254.10.78] → success   369.3s (6.2m)
  ───────────────────────────────────────────────────────
  TOTAL                                          2578.7s (43.0m)
  Time waiting for prompts (x15)                  110.8s (1.8m)
     - longest single wait: 59.1s (1.0m) at: Retry failed peer(s)? [Y/n]:
  Pause wait (x0)                                   0.0s (0.0m)
  Non-phase time (classified)                    1115.7s (18.6m)
     - startup / inter-phase transition         1084.9s (18.1m)
     - operator prompt wait                       30.5s (0.5m)
     - runtime pause wait                          0.3s (0.0m)
  Unaccounted time                                  0.0s (0.0m)
     - residual instrumentation gap                0.0s (0.0m)

──────────────────────────────────────────────────────────────────────
Warnings (4)
──────────────────────────────────────────────────────────────────────
  Log file: /scripts/AFX/logs/20260622_101245/1-bmc_session_20260622_101245.log
    [10:21:10] Timeout (90s) waiting for any of ['zero disks, reset config and install a new file system', 'selection (1-', '(1-9)?', '(1-11)?', '(1-12)?']
    [10:22:40] Timeout (90s) waiting for any of ['zero disks, reset config and install a new file system', 'selection (1-', '(1-9)?', '(1-11)?', '(1-12)?']
    [10:24:28] Timeout (90s) waiting for any of ['zero disks, reset config and install a new file system', 'selection (1-', '(1-9)?', '(1-11)?', '(1-12)?']
    [10:41:05] Timeout (90s) waiting for any of ['zero disks, reset config and install a new file system', 'selection (1-', '(1-9)?', '(1-11)?', '(1-12)?']

──────────────────────────────────────────────────────────────────────
Errors (1)
──────────────────────────────────────────────────────────────────────
  [10:13:39] Peer reset error on 10.192.160.35: failed to return to BMC prompt after console probe

======================================================================
