======================================================================
Run Summary
Full log: /scripts/AFX/logs/20260622_091724/1-bmc_session_20260622_091724.log
======================================================================

──────────────────────────────────────────────────────────────────────
Operation
──────────────────────────────────────────────────────────────────────
  4d: Hidden netboot + automated cluster reinit
──────────────────────────────────────────────────────────────────────
Result
──────────────────────────────────────────────────────────────────────
  Overall Result            ✅ PASS
  Errors logged             0
  Warnings logged           8
  Previous ONTAP version    9.18.1P2 (LOADER_ENV/loader_env_pre_10.192.160.35_20260622_092737.txt)
  ONTAP after run           9.19.1RC0 (post-reinit final health)
  ONTAP after run (nodes)  
    - rtp-afx1k-c01-01      9.19.1RC0
    - rtp-afx1k-c01-02      9.19.1RC0
  Started                   2026-06-22 09:17:24
  Ended                     2026-06-22 09:57:56
  Total runtime             2431.3s (40.5m)

──────────────────────────────────────────────────────────────────────
Phase Timing
──────────────────────────────────────────────────────────────────────
  4b – Package Selection                            5.9s (0.1m)  ✅ PASS
  Collect Node Mgmt per BMC                         0.0s (0.0m)  ✅ PASS
  Collect Cluster Setup Config                     17.1s (0.3m)  ✅ PASS
  4b – BMC SSH Connections                          3.1s (0.1m)  ✅ PASS
  4b – Reset to LOADER                             49.9s (0.8m)  ✅ PASS
  4b – HTTP Server                                  0.1s (0.0m)  ✅ PASS
  4b – Netboot Install                            355.6s (5.9m)  ✅ PASS
     -   [10.192.160.35] image download            231.6s (3.9m)
     -   [10.192.160.35] image install             118.8s (2.0m)
     -   [10.192.160.29] image download            233.5s (3.9m)
     -   [10.192.160.29] image install             118.7s (2.0m)
  4b – Reinit Reconnect to LOADER                 160.1s (2.7m)  ✅ PASS
  4b – Boot Menu Selection                         96.6s (1.6m)  ✅ PASS
  4b – Cluster Initialization (primary)             0.0s (0.0m)  ✅ PASS
  Auto Cluster Init (1b)                          777.1s (13.0m)  ✅ PASS
  Cluster Setup Wizard (1b)                       428.2s (7.1m)  ✅ PASS
  NTP Configuration                                 4.8s (0.1m)  ✅ PASS
  ───────────────────────────────────────────────────────
  TOTAL                                          2431.3s (40.5m)
  Time waiting for prompts (x16)                   46.1s (0.8m)
     - longest single wait: 16.5s (0.3m) at: ❯❯  Enter your choice from the menu above (ie, 1a, 2b, 3,...
  Pause wait (x0)                                   0.0s (0.0m)
  Non-phase time (classified)                     532.8s (8.9m)
     - startup / inter-phase transition          517.3s (8.6m)
     - operator prompt wait                       15.5s (0.3m)
     - runtime pause wait                          0.0s (0.0m)
  Unaccounted time                                  0.0s (0.0m)
     - residual instrumentation gap                0.0s (0.0m)

──────────────────────────────────────────────────────────────────────
Warnings (8)
──────────────────────────────────────────────────────────────────────
  Log file: /scripts/AFX/logs/20260622_091724/1-bmc_session_20260622_091724.log
    [09:25:44] Timeout (15s) waiting for any of ['loader-', '::>', '::*>', 'login:', 'selection', 'autoboot', '>']
    [09:25:45] Timeout (15s) waiting for any of ['loader-', '::>', '::*>', 'login:', 'selection', 'autoboot', '>']

    [09:30:22] Timeout (60s) waiting for any of ['zero disks, reset config and install a new file system', 'selection (1-', '(1-9)?', '(1-11)?', '(1-12)?']
    [09:32:03] Timeout (60s) waiting for any of ['zero disks, reset config and install a new file system', 'selection (1-', '(1-9)?', '(1-11)?', '(1-12)?']
    [09:33:03] Timeout (60s) waiting for any of ['zero disks, reset config and install a new file system', 'selection (1-', '(1-9)?', '(1-11)?', '(1-12)?']
    [09:34:03] Timeout (60s) waiting for any of ['zero disks, reset config and install a new file system', 'selection (1-', '(1-9)?', '(1-11)?', '(1-12)?']
    [09:35:20] Timeout (60s) waiting for any of ['zero disks, reset config and install a new file system', 'selection (1-', '(1-9)?', '(1-11)?', '(1-12)?']

    [09:49:37] SSH test exception (local key parse issue): q must be exactly 160, 224, or 256 bits long

======================================================================
